Component: ARM Compiler 5.06 update 7 (build 960) Tool: armlink [4d3601]

==============================================================================

Section Cross References

    main.o(i.ErrorHandling) refers to devlib.o(i.Delay1ms) for Delay1ms
    main.o(i.MeasCompPrint_AIN) refers to Lib_Serv_Pin_Config.o(Lib_Serv_Pin_Config_) for Lib_Serv_Pin_Config
    main.o(i.MeasCompPrint_AIN) refers to devlib.o(i.Uart_SendString) for Uart_SendString
    main.o(i.MeasCompPrint_AIN) refers to devlib.o(i.Uart_SendHex32) for Uart_SendHex32
    main.o(i.MeasCompPrint_AIN) refers to devlib.o(i.Uart_Putchar) for Uart_Putchar
    main.o(i.MeasCompPrint_AIN) refers to Lib_Meas_Comp_Ain_Voltage.o(Lib_Meas_Comp_Ain_Voltage_) for Lib_Meas_Comp_Ain_Voltage
    main.o(i.MeasCompPrint_AIN) refers to devlib.o(i.Uart_SendDecimalSigned) for Uart_SendDecimalSigned
    main.o(i.MeasCompPrint_AIN) refers to devlib.o(i.Uart_SendHex16) for Uart_SendHex16
    main.o(i.MeasCompPrint_Acceleration) refers to Lib_Meas_Comp_Temp.o(Lib_Meas_Comp_Temp_) for Lib_Meas_Comp_Temp
    main.o(i.MeasCompPrint_Acceleration) refers to devlib.o(i.Uart_SendString) for Uart_SendString
    main.o(i.MeasCompPrint_Acceleration) refers to devlib.o(i.Uart_SendHex32) for Uart_SendHex32
    main.o(i.MeasCompPrint_Acceleration) refers to devlib.o(i.Uart_Putchar) for Uart_Putchar
    main.o(i.MeasCompPrint_Acceleration) refers to Lib_Meas_Raw_Acceleration.o(Lib_Meas_Raw_Acceleration_) for Lib_Meas_Raw_Acceleration
    main.o(i.MeasCompPrint_Acceleration) refers to Lib_Comp_Auto_Acc_Offset.o(Lib_Comp_Auto_Acc_Offset_) for Lib_Comp_Auto_Acc_Offset
    main.o(i.MeasCompPrint_Acceleration) refers to Lib_Comp_Acceleration.o(Lib_Comp_Acceleration_) for Lib_Comp_Acceleration
    main.o(i.MeasCompPrint_Pressure) refers to Lib_Meas_Raw_Pressure.o(Lib_Meas_Raw_Pressure_) for Lib_Meas_Raw_Pressure
    main.o(i.MeasCompPrint_Pressure) refers to devlib.o(i.Uart_SendString) for Uart_SendString
    main.o(i.MeasCompPrint_Pressure) refers to devlib.o(i.Uart_SendHex32) for Uart_SendHex32
    main.o(i.MeasCompPrint_Pressure) refers to devlib.o(i.Uart_Putchar) for Uart_Putchar
    main.o(i.MeasCompPrint_Pressure) refers to Lib_Comp_Pressure.o(Lib_Comp_Pressure_) for Lib_Comp_Pressure
    main.o(i.MeasCompPrint_Pressure) refers to devlib.o(i.Uart_SendDecimalSigned) for Uart_SendDecimalSigned
    main.o(i.MeasCompPrint_Pressure) refers to devlib.o(i.Uart_SendHex16) for Uart_SendHex16
    main.o(i.MeasCompPrint_SupplyVoltage) refers to Lib_Meas_Comp_SupplyV.o(Lib_Meas_Comp_SupplyV_) for Lib_Meas_Comp_SupplyV
    main.o(i.MeasCompPrint_SupplyVoltage) refers to devlib.o(i.Uart_SendString) for Uart_SendString
    main.o(i.MeasCompPrint_SupplyVoltage) refers to devlib.o(i.Uart_SendHex32) for Uart_SendHex32
    main.o(i.MeasCompPrint_SupplyVoltage) refers to devlib.o(i.Uart_Putchar) for Uart_Putchar
    main.o(i.MeasCompPrint_SupplyVoltage) refers to devlib.o(i.Uart_SendDecimalSigned) for Uart_SendDecimalSigned
    main.o(i.MeasCompPrint_SupplyVoltage) refers to devlib.o(i.Uart_SendHex16) for Uart_SendHex16
    main.o(i.MeasCompPrint_Temperature) refers to Lib_Meas_Comp_Temp.o(Lib_Meas_Comp_Temp_) for Lib_Meas_Comp_Temp
    main.o(i.MeasCompPrint_Temperature) refers to devlib.o(i.Uart_SendString) for Uart_SendString
    main.o(i.MeasCompPrint_Temperature) refers to devlib.o(i.Uart_SendHex32) for Uart_SendHex32
    main.o(i.MeasCompPrint_Temperature) refers to devlib.o(i.Uart_Putchar) for Uart_Putchar
    main.o(i.MeasCompPrint_Temperature) refers to devlib.o(i.Uart_SendDecimalSigned) for Uart_SendDecimalSigned
    main.o(i.MeasCompPrint_Temperature) refers to devlib.o(i.Uart_SendHex16) for Uart_SendHex16
    main.o(i.main) refers to devlib.o(i.Uart_Init) for Uart_Init
    main.o(i.main) refers to Lib_Serv_Start_Xtal_Osc.o(Lib_Serv_Start_Xtal_Osc_) for Lib_Serv_Start_Xtal_Osc
    main.o(i.main) refers to main.o(i.ErrorHandling) for ErrorHandling
    main.o(i.main) refers to devlib.o(i.Uart_Baudrate_Calib) for Uart_Baudrate_Calib
    main.o(i.main) refers to Lib_Serv_Stop_Xtal_Osc.o(Lib_Serv_Stop_Xtal_Osc_) for Lib_Serv_Stop_Xtal_Osc
    main.o(i.main) refers to main.o(i.MeasCompPrint_Acceleration) for MeasCompPrint_Acceleration
    main.o(i.main) refers to ffltui.o(.text) for __aeabi_ui2f
    main.o(i.main) refers to f2d.o(.text) for __aeabi_f2d
    main.o(i.main) refers to printfa.o(i.__0printf) for __2printf
    main.o(i.main) refers to firfilter.o(i.FIRFilter_Update) for FIRFilter_Update
    main.o(i.main) refers to fflti.o(.text) for __aeabi_i2f
    main.o(i.main) refers to fdiv.o(.text) for __aeabi_fdiv
    main.o(i.main) refers to devlib.o(i.Delay1ms) for Delay1ms
    main.o(i.main) refers to firfilter.o(i.FIRFilter_Init) for FIRFilter_Init
    main.o(i.main) refers to Lib_Diag_RC_Osc_Chk.o(Lib_Diag_RC_Osc_Chk_) for Lib_Diag_RC_Osc_Chk
    main.o(i.main) refers to Lib_Calib_Precounter.o(Lib_Calib_Precounter_) for Lib_Calib_Precounter
    main.o(i.main) refers to Lib_Serv_Init_Interval_Timer.o(Lib_Serv_Init_Interval_Timer_) for Lib_Serv_Init_Interval_Timer
    main.o(i.main) refers to Lib_State_Low_Power.o(Lib_State_Low_Power_) for Lib_State_Low_Power
    main.o(i.main) refers to main.o(RETRAM) for barFilterMovingAverage
    devlib.o(i.Uart_Baudrate_Calib) refers to uidiv.o(.text) for __aeabi_uidivmod
    devlib.o(i.Uart_Baudrate_Calib) refers to devlib.o(.data) for Uart_Config_Loc
    devlib.o(i.Uart_Init) refers to devlib.o(.data) for Uart_Config_Loc
    devlib.o(i.Uart_Putchar) refers to devlib.o(.data) for .data
    devlib.o(i.Uart_SendDecimalSigned) refers to devlib.o(i.Uart_Putchar) for Uart_Putchar
    devlib.o(i.Uart_SendDecimalSigned) refers to uidiv.o(.text) for __aeabi_uidivmod
    devlib.o(i.Uart_SendDecimalUnsigned) refers to uidiv.o(.text) for __aeabi_uidivmod
    devlib.o(i.Uart_SendDecimalUnsigned) refers to devlib.o(i.Uart_Putchar) for Uart_Putchar
    devlib.o(i.Uart_SendHex16) refers to devlib.o(i.Uart_SendString) for Uart_SendString
    devlib.o(i.Uart_SendHex16) refers to devlib.o(i.Uart_Putchar) for Uart_Putchar
    devlib.o(i.Uart_SendHex32) refers to devlib.o(i.Uart_SendString) for Uart_SendString
    devlib.o(i.Uart_SendHex32) refers to devlib.o(i.Uart_Putchar) for Uart_Putchar
    devlib.o(i.Uart_SendHex8) refers to devlib.o(i.Uart_SendString) for Uart_SendString
    devlib.o(i.Uart_SendHex8) refers to devlib.o(i.Uart_Putchar) for Uart_Putchar
    devlib.o(i.Uart_SendString) refers to devlib.o(i.Uart_Putchar) for Uart_Putchar
    devlib.o(i.fputc) refers to devlib.o(i.Uart_Putchar) for Uart_Putchar
    firfilter.o(i.FIRFilter_Update) refers to fmul.o(.text) for __aeabi_fmul
    firfilter.o(i.FIRFilter_Update) refers to fadd.o(.text) for __aeabi_fadd
    firfilter.o(i.FIRFilter_Update) refers to firfilter.o(.data) for FIR_IMPULSE_RESPONSE
    startup_sp49.o(RESET) refers to entry.o(.ARM.Collect$$$$00000000) for __main
    entry.o(.ARM.Collect$$$$00000000) refers (Special) to entry10a.o(.ARM.Collect$$$$0000000F) for __rt_final_cpp
    entry.o(.ARM.Collect$$$$00000000) refers (Special) to entry11a.o(.ARM.Collect$$$$00000011) for __rt_final_exit
    entry.o(.ARM.Collect$$$$00000000) refers (Special) to entry12b.o(.ARM.Collect$$$$0000000E) for __rt_lib_shutdown_fini
    entry.o(.ARM.Collect$$$$00000000) refers (Special) to entry7b.o(.ARM.Collect$$$$00000008) for _main_clock
    entry.o(.ARM.Collect$$$$00000000) refers (Special) to entry8b.o(.ARM.Collect$$$$0000000A) for _main_cpp_init
    entry.o(.ARM.Collect$$$$00000000) refers (Special) to entry9a.o(.ARM.Collect$$$$0000000B) for _main_init
    entry.o(.ARM.Collect$$$$00000000) refers (Special) to entry5.o(.ARM.Collect$$$$00000004) for _main_scatterload
    entry.o(.ARM.Collect$$$$00000000) refers (Special) to entry2.o(.ARM.Collect$$$$00000001) for _main_stk
    printfb.o(i.__0fprintf$bare) refers to printfb.o(i._printf_core) for _printf_core
    printfb.o(i.__0fprintf$bare) refers to devlib.o(i.fputc) for fputc
    printfb.o(i.__0printf$bare) refers to printfb.o(i._printf_core) for _printf_core
    printfb.o(i.__0printf$bare) refers to devlib.o(i.fputc) for fputc
    printfb.o(i.__0printf$bare) refers to stdout.o(.data) for __stdout
    printfb.o(i.__0snprintf$bare) refers to printfb.o(i._printf_core) for _printf_core
    printfb.o(i.__0snprintf$bare) refers to printfb.o(i._snputc) for _snputc
    printfb.o(i.__0sprintf$bare) refers to printfb.o(i._printf_core) for _printf_core
    printfb.o(i.__0sprintf$bare) refers to printfb.o(i._sputc) for _sputc
    printfb.o(i.__0vfprintf$bare) refers to printfb.o(i._printf_core) for _printf_core
    printfb.o(i.__0vfprintf$bare) refers to devlib.o(i.fputc) for fputc
    printfb.o(i.__0vprintf$bare) refers to printfb.o(i._printf_core) for _printf_core
    printfb.o(i.__0vprintf$bare) refers to devlib.o(i.fputc) for fputc
    printfb.o(i.__0vprintf$bare) refers to stdout.o(.data) for __stdout
    printfb.o(i.__0vsnprintf$bare) refers to printfb.o(i._printf_core) for _printf_core
    printfb.o(i.__0vsnprintf$bare) refers to printfb.o(i._snputc) for _snputc
    printfb.o(i.__0vsprintf$bare) refers to printfb.o(i._printf_core) for _printf_core
    printfb.o(i.__0vsprintf$bare) refers to printfb.o(i._sputc) for _sputc
    printf0.o(i.__0fprintf$0) refers to printf0.o(i._printf_core) for _printf_core
    printf0.o(i.__0fprintf$0) refers to devlib.o(i.fputc) for fputc
    printf0.o(i.__0printf$0) refers to printf0.o(i._printf_core) for _printf_core
    printf0.o(i.__0printf$0) refers to devlib.o(i.fputc) for fputc
    printf0.o(i.__0printf$0) refers to stdout.o(.data) for __stdout
    printf0.o(i.__0snprintf$0) refers to printf0.o(i._printf_core) for _printf_core
    printf0.o(i.__0snprintf$0) refers to printf0.o(i._snputc) for _snputc
    printf0.o(i.__0sprintf$0) refers to printf0.o(i._printf_core) for _printf_core
    printf0.o(i.__0sprintf$0) refers to printf0.o(i._sputc) for _sputc
    printf0.o(i.__0vfprintf$0) refers to printf0.o(i._printf_core) for _printf_core
    printf0.o(i.__0vfprintf$0) refers to devlib.o(i.fputc) for fputc
    printf0.o(i.__0vprintf$0) refers to printf0.o(i._printf_core) for _printf_core
    printf0.o(i.__0vprintf$0) refers to devlib.o(i.fputc) for fputc
    printf0.o(i.__0vprintf$0) refers to stdout.o(.data) for __stdout
    printf0.o(i.__0vsnprintf$0) refers to printf0.o(i._printf_core) for _printf_core
    printf0.o(i.__0vsnprintf$0) refers to printf0.o(i._snputc) for _snputc
    printf0.o(i.__0vsprintf$0) refers to printf0.o(i._printf_core) for _printf_core
    printf0.o(i.__0vsprintf$0) refers to printf0.o(i._sputc) for _sputc
    printf1.o(i.__0fprintf$1) refers to printf1.o(i._printf_core) for _printf_core
    printf1.o(i.__0fprintf$1) refers to devlib.o(i.fputc) for fputc
    printf1.o(i.__0printf$1) refers to printf1.o(i._printf_core) for _printf_core
    printf1.o(i.__0printf$1) refers to devlib.o(i.fputc) for fputc
    printf1.o(i.__0printf$1) refers to stdout.o(.data) for __stdout
    printf1.o(i.__0snprintf$1) refers to printf1.o(i._printf_core) for _printf_core
    printf1.o(i.__0snprintf$1) refers to printf1.o(i._snputc) for _snputc
    printf1.o(i.__0sprintf$1) refers to printf1.o(i._printf_core) for _printf_core
    printf1.o(i.__0sprintf$1) refers to printf1.o(i._sputc) for _sputc
    printf1.o(i.__0vfprintf$1) refers to printf1.o(i._printf_core) for _printf_core
    printf1.o(i.__0vfprintf$1) refers to devlib.o(i.fputc) for fputc
    printf1.o(i.__0vprintf$1) refers to printf1.o(i._printf_core) for _printf_core
    printf1.o(i.__0vprintf$1) refers to devlib.o(i.fputc) for fputc
    printf1.o(i.__0vprintf$1) refers to stdout.o(.data) for __stdout
    printf1.o(i.__0vsnprintf$1) refers to printf1.o(i._printf_core) for _printf_core
    printf1.o(i.__0vsnprintf$1) refers to printf1.o(i._snputc) for _snputc
    printf1.o(i.__0vsprintf$1) refers to printf1.o(i._printf_core) for _printf_core
    printf1.o(i.__0vsprintf$1) refers to printf1.o(i._sputc) for _sputc
    printf1.o(i._printf_core) refers to uidiv.o(.text) for __aeabi_uidivmod
    printf2.o(i.__0fprintf$2) refers to printf2.o(i._printf_core) for _printf_core
    printf2.o(i.__0fprintf$2) refers to devlib.o(i.fputc) for fputc
    printf2.o(i.__0printf$2) refers to printf2.o(i._printf_core) for _printf_core
    printf2.o(i.__0printf$2) refers to devlib.o(i.fputc) for fputc
    printf2.o(i.__0printf$2) refers to stdout.o(.data) for __stdout
    printf2.o(i.__0snprintf$2) refers to printf2.o(i._printf_core) for _printf_core
    printf2.o(i.__0snprintf$2) refers to printf2.o(i._snputc) for _snputc
    printf2.o(i.__0sprintf$2) refers to printf2.o(i._printf_core) for _printf_core
    printf2.o(i.__0sprintf$2) refers to printf2.o(i._sputc) for _sputc
    printf2.o(i.__0vfprintf$2) refers to printf2.o(i._printf_core) for _printf_core
    printf2.o(i.__0vfprintf$2) refers to devlib.o(i.fputc) for fputc
    printf2.o(i.__0vprintf$2) refers to printf2.o(i._printf_core) for _printf_core
    printf2.o(i.__0vprintf$2) refers to devlib.o(i.fputc) for fputc
    printf2.o(i.__0vprintf$2) refers to stdout.o(.data) for __stdout
    printf2.o(i.__0vsnprintf$2) refers to printf2.o(i._printf_core) for _printf_core
    printf2.o(i.__0vsnprintf$2) refers to printf2.o(i._snputc) for _snputc
    printf2.o(i.__0vsprintf$2) refers to printf2.o(i._printf_core) for _printf_core
    printf2.o(i.__0vsprintf$2) refers to printf2.o(i._sputc) for _sputc
    printf3.o(i.__0fprintf$3) refers to printf3.o(i._printf_core) for _printf_core
    printf3.o(i.__0fprintf$3) refers to devlib.o(i.fputc) for fputc
    printf3.o(i.__0printf$3) refers to printf3.o(i._printf_core) for _printf_core
    printf3.o(i.__0printf$3) refers to devlib.o(i.fputc) for fputc
    printf3.o(i.__0printf$3) refers to stdout.o(.data) for __stdout
    printf3.o(i.__0snprintf$3) refers to printf3.o(i._printf_core) for _printf_core
    printf3.o(i.__0snprintf$3) refers to printf3.o(i._snputc) for _snputc
    printf3.o(i.__0sprintf$3) refers to printf3.o(i._printf_core) for _printf_core
    printf3.o(i.__0sprintf$3) refers to printf3.o(i._sputc) for _sputc
    printf3.o(i.__0vfprintf$3) refers to printf3.o(i._printf_core) for _printf_core
    printf3.o(i.__0vfprintf$3) refers to devlib.o(i.fputc) for fputc
    printf3.o(i.__0vprintf$3) refers to printf3.o(i._printf_core) for _printf_core
    printf3.o(i.__0vprintf$3) refers to devlib.o(i.fputc) for fputc
    printf3.o(i.__0vprintf$3) refers to stdout.o(.data) for __stdout
    printf3.o(i.__0vsnprintf$3) refers to printf3.o(i._printf_core) for _printf_core
    printf3.o(i.__0vsnprintf$3) refers to printf3.o(i._snputc) for _snputc
    printf3.o(i.__0vsprintf$3) refers to printf3.o(i._printf_core) for _printf_core
    printf3.o(i.__0vsprintf$3) refers to printf3.o(i._sputc) for _sputc
    printf3.o(i._printf_core) refers to uidiv.o(.text) for __aeabi_uidivmod
    printf4.o(i.__0fprintf$4) refers to printf4.o(i._printf_core) for _printf_core
    printf4.o(i.__0fprintf$4) refers to devlib.o(i.fputc) for fputc
    printf4.o(i.__0printf$4) refers to printf4.o(i._printf_core) for _printf_core
    printf4.o(i.__0printf$4) refers to devlib.o(i.fputc) for fputc
    printf4.o(i.__0printf$4) refers to stdout.o(.data) for __stdout
    printf4.o(i.__0snprintf$4) refers to printf4.o(i._printf_core) for _printf_core
    printf4.o(i.__0snprintf$4) refers to printf4.o(i._snputc) for _snputc
    printf4.o(i.__0sprintf$4) refers to printf4.o(i._printf_core) for _printf_core
    printf4.o(i.__0sprintf$4) refers to printf4.o(i._sputc) for _sputc
    printf4.o(i.__0vfprintf$4) refers to printf4.o(i._printf_core) for _printf_core
    printf4.o(i.__0vfprintf$4) refers to devlib.o(i.fputc) for fputc
    printf4.o(i.__0vprintf$4) refers to printf4.o(i._printf_core) for _printf_core
    printf4.o(i.__0vprintf$4) refers to devlib.o(i.fputc) for fputc
    printf4.o(i.__0vprintf$4) refers to stdout.o(.data) for __stdout
    printf4.o(i.__0vsnprintf$4) refers to printf4.o(i._printf_core) for _printf_core
    printf4.o(i.__0vsnprintf$4) refers to printf4.o(i._snputc) for _snputc
    printf4.o(i.__0vsprintf$4) refers to printf4.o(i._printf_core) for _printf_core
    printf4.o(i.__0vsprintf$4) refers to printf4.o(i._sputc) for _sputc
    printf4.o(i._printf_core) refers to uldiv.o(.text) for __aeabi_uldivmod
    printf5.o(i.__0fprintf$5) refers to printf5.o(i._printf_core) for _printf_core
    printf5.o(i.__0fprintf$5) refers to devlib.o(i.fputc) for fputc
    printf5.o(i.__0printf$5) refers to printf5.o(i._printf_core) for _printf_core
    printf5.o(i.__0printf$5) refers to devlib.o(i.fputc) for fputc
    printf5.o(i.__0printf$5) refers to stdout.o(.data) for __stdout
    printf5.o(i.__0snprintf$5) refers to printf5.o(i._printf_core) for _printf_core
    printf5.o(i.__0snprintf$5) refers to printf5.o(i._snputc) for _snputc
    printf5.o(i.__0sprintf$5) refers to printf5.o(i._printf_core) for _printf_core
    printf5.o(i.__0sprintf$5) refers to printf5.o(i._sputc) for _sputc
    printf5.o(i.__0vfprintf$5) refers to printf5.o(i._printf_core) for _printf_core
    printf5.o(i.__0vfprintf$5) refers to devlib.o(i.fputc) for fputc
    printf5.o(i.__0vprintf$5) refers to printf5.o(i._printf_core) for _printf_core
    printf5.o(i.__0vprintf$5) refers to devlib.o(i.fputc) for fputc
    printf5.o(i.__0vprintf$5) refers to stdout.o(.data) for __stdout
    printf5.o(i.__0vsnprintf$5) refers to printf5.o(i._printf_core) for _printf_core
    printf5.o(i.__0vsnprintf$5) refers to printf5.o(i._snputc) for _snputc
    printf5.o(i.__0vsprintf$5) refers to printf5.o(i._printf_core) for _printf_core
    printf5.o(i.__0vsprintf$5) refers to printf5.o(i._sputc) for _sputc
    printf5.o(i._printf_core) refers to uldiv.o(.text) for __aeabi_uldivmod
    printf6.o(i.__0fprintf$6) refers to printf6.o(i._printf_core) for _printf_core
    printf6.o(i.__0fprintf$6) refers to devlib.o(i.fputc) for fputc
    printf6.o(i.__0printf$6) refers to printf6.o(i._printf_core) for _printf_core
    printf6.o(i.__0printf$6) refers to devlib.o(i.fputc) for fputc
    printf6.o(i.__0printf$6) refers to stdout.o(.data) for __stdout
    printf6.o(i.__0snprintf$6) refers to printf6.o(i._printf_core) for _printf_core
    printf6.o(i.__0snprintf$6) refers to printf6.o(i._snputc) for _snputc
    printf6.o(i.__0sprintf$6) refers to printf6.o(i._printf_core) for _printf_core
    printf6.o(i.__0sprintf$6) refers to printf6.o(i._sputc) for _sputc
    printf6.o(i.__0vfprintf$6) refers to printf6.o(i._printf_core) for _printf_core
    printf6.o(i.__0vfprintf$6) refers to devlib.o(i.fputc) for fputc
    printf6.o(i.__0vprintf$6) refers to printf6.o(i._printf_core) for _printf_core
    printf6.o(i.__0vprintf$6) refers to devlib.o(i.fputc) for fputc
    printf6.o(i.__0vprintf$6) refers to stdout.o(.data) for __stdout
    printf6.o(i.__0vsnprintf$6) refers to printf6.o(i._printf_core) for _printf_core
    printf6.o(i.__0vsnprintf$6) refers to printf6.o(i._snputc) for _snputc
    printf6.o(i.__0vsprintf$6) refers to printf6.o(i._printf_core) for _printf_core
    printf6.o(i.__0vsprintf$6) refers to printf6.o(i._sputc) for _sputc
    printf6.o(i._printf_core) refers to printf6.o(i._printf_pre_padding) for _printf_pre_padding
    printf6.o(i._printf_core) refers to printf6.o(i._printf_post_padding) for _printf_post_padding
    printf6.o(i._printf_core) refers to uidiv.o(.text) for __aeabi_uidivmod
    printf7.o(i.__0fprintf$7) refers to printf7.o(i._printf_core) for _printf_core
    printf7.o(i.__0fprintf$7) refers to devlib.o(i.fputc) for fputc
    printf7.o(i.__0printf$7) refers to printf7.o(i._printf_core) for _printf_core
    printf7.o(i.__0printf$7) refers to devlib.o(i.fputc) for fputc
    printf7.o(i.__0printf$7) refers to stdout.o(.data) for __stdout
    printf7.o(i.__0snprintf$7) refers to printf7.o(i._printf_core) for _printf_core
    printf7.o(i.__0snprintf$7) refers to printf7.o(i._snputc) for _snputc
    printf7.o(i.__0sprintf$7) refers to printf7.o(i._printf_core) for _printf_core
    printf7.o(i.__0sprintf$7) refers to printf7.o(i._sputc) for _sputc
    printf7.o(i.__0vfprintf$7) refers to printf7.o(i._printf_core) for _printf_core
    printf7.o(i.__0vfprintf$7) refers to devlib.o(i.fputc) for fputc
    printf7.o(i.__0vprintf$7) refers to printf7.o(i._printf_core) for _printf_core
    printf7.o(i.__0vprintf$7) refers to devlib.o(i.fputc) for fputc
    printf7.o(i.__0vprintf$7) refers to stdout.o(.data) for __stdout
    printf7.o(i.__0vsnprintf$7) refers to printf7.o(i._printf_core) for _printf_core
    printf7.o(i.__0vsnprintf$7) refers to printf7.o(i._snputc) for _snputc
    printf7.o(i.__0vsprintf$7) refers to printf7.o(i._printf_core) for _printf_core
    printf7.o(i.__0vsprintf$7) refers to printf7.o(i._sputc) for _sputc
    printf7.o(i._printf_core) refers to printf7.o(i._printf_pre_padding) for _printf_pre_padding
    printf7.o(i._printf_core) refers to printf7.o(i._printf_post_padding) for _printf_post_padding
    printf7.o(i._printf_core) refers to uldiv.o(.text) for __aeabi_uldivmod
    printf8.o(i.__0fprintf$8) refers to printf8.o(i._printf_core) for _printf_core
    printf8.o(i.__0fprintf$8) refers to devlib.o(i.fputc) for fputc
    printf8.o(i.__0printf$8) refers to printf8.o(i._printf_core) for _printf_core
    printf8.o(i.__0printf$8) refers to devlib.o(i.fputc) for fputc
    printf8.o(i.__0printf$8) refers to stdout.o(.data) for __stdout
    printf8.o(i.__0snprintf$8) refers to printf8.o(i._printf_core) for _printf_core
    printf8.o(i.__0snprintf$8) refers to printf8.o(i._snputc) for _snputc
    printf8.o(i.__0sprintf$8) refers to printf8.o(i._printf_core) for _printf_core
    printf8.o(i.__0sprintf$8) refers to printf8.o(i._sputc) for _sputc
    printf8.o(i.__0vfprintf$8) refers to printf8.o(i._printf_core) for _printf_core
    printf8.o(i.__0vfprintf$8) refers to devlib.o(i.fputc) for fputc
    printf8.o(i.__0vprintf$8) refers to printf8.o(i._printf_core) for _printf_core
    printf8.o(i.__0vprintf$8) refers to devlib.o(i.fputc) for fputc
    printf8.o(i.__0vprintf$8) refers to stdout.o(.data) for __stdout
    printf8.o(i.__0vsnprintf$8) refers to printf8.o(i._printf_core) for _printf_core
    printf8.o(i.__0vsnprintf$8) refers to printf8.o(i._snputc) for _snputc
    printf8.o(i.__0vsprintf$8) refers to printf8.o(i._printf_core) for _printf_core
    printf8.o(i.__0vsprintf$8) refers to printf8.o(i._sputc) for _sputc
    printf8.o(i._printf_core) refers to printf8.o(i._printf_pre_padding) for _printf_pre_padding
    printf8.o(i._printf_core) refers to printf8.o(i._printf_post_padding) for _printf_post_padding
    printf8.o(i._printf_core) refers to uldiv.o(.text) for __aeabi_uldivmod
    printfa.o(i.__0fprintf) refers (Special) to iusefp.o(.text) for __I$use$fp
    printfa.o(i.__0fprintf) refers to printfa.o(i._printf_core) for _printf_core
    printfa.o(i.__0fprintf) refers to devlib.o(i.fputc) for fputc
    printfa.o(i.__0printf) refers (Special) to iusefp.o(.text) for __I$use$fp
    printfa.o(i.__0printf) refers to printfa.o(i._printf_core) for _printf_core
    printfa.o(i.__0printf) refers to devlib.o(i.fputc) for fputc
    printfa.o(i.__0printf) refers to stdout.o(.data) for __stdout
    printfa.o(i.__0snprintf) refers (Special) to iusefp.o(.text) for __I$use$fp
    printfa.o(i.__0snprintf) refers to printfa.o(i._printf_core) for _printf_core
    printfa.o(i.__0snprintf) refers to printfa.o(i._snputc) for _snputc
    printfa.o(i.__0sprintf) refers (Special) to iusefp.o(.text) for __I$use$fp
    printfa.o(i.__0sprintf) refers to printfa.o(i._printf_core) for _printf_core
    printfa.o(i.__0sprintf) refers to printfa.o(i._sputc) for _sputc
    printfa.o(i.__0vfprintf) refers (Special) to iusefp.o(.text) for __I$use$fp
    printfa.o(i.__0vfprintf) refers to printfa.o(i._printf_core) for _printf_core
    printfa.o(i.__0vfprintf) refers to devlib.o(i.fputc) for fputc
    printfa.o(i.__0vprintf) refers (Special) to iusefp.o(.text) for __I$use$fp
    printfa.o(i.__0vprintf) refers to printfa.o(i._printf_core) for _printf_core
    printfa.o(i.__0vprintf) refers to devlib.o(i.fputc) for fputc
    printfa.o(i.__0vprintf) refers to stdout.o(.data) for __stdout
    printfa.o(i.__0vsnprintf) refers (Special) to iusefp.o(.text) for __I$use$fp
    printfa.o(i.__0vsnprintf) refers to printfa.o(i._printf_core) for _printf_core
    printfa.o(i.__0vsnprintf) refers to printfa.o(i._snputc) for _snputc
    printfa.o(i.__0vsprintf) refers (Special) to iusefp.o(.text) for __I$use$fp
    printfa.o(i.__0vsprintf) refers to printfa.o(i._printf_core) for _printf_core
    printfa.o(i.__0vsprintf) refers to printfa.o(i._sputc) for _sputc
    printfa.o(i._fp_digits) refers (Special) to iusefp.o(.text) for __I$use$fp
    printfa.o(i._fp_digits) refers to dmul.o(.text) for __aeabi_dmul
    printfa.o(i._fp_digits) refers to ddiv.o(.text) for __aeabi_ddiv
    printfa.o(i._fp_digits) refers to cdrcmple.o(.text) for __aeabi_cdrcmple
    printfa.o(i._fp_digits) refers to dadd.o(.text) for __aeabi_dadd
    printfa.o(i._fp_digits) refers to dfixul.o(.text) for __aeabi_d2ulz
    printfa.o(i._fp_digits) refers to uldiv.o(.text) for __aeabi_uldivmod
    printfa.o(i._printf_core) refers (Special) to iusefp.o(.text) for __I$use$fp
    printfa.o(i._printf_core) refers to printfa.o(i._printf_pre_padding) for _printf_pre_padding
    printfa.o(i._printf_core) refers to uldiv.o(.text) for __aeabi_uldivmod
    printfa.o(i._printf_core) refers to printfa.o(i._printf_post_padding) for _printf_post_padding
    printfa.o(i._printf_core) refers to printfa.o(i._fp_digits) for _fp_digits
    printfa.o(i._printf_core) refers to uidiv.o(.text) for __aeabi_uidivmod
    printfa.o(i._printf_post_padding) refers (Special) to iusefp.o(.text) for __I$use$fp
    printfa.o(i._printf_pre_padding) refers (Special) to iusefp.o(.text) for __I$use$fp
    printfa.o(i._snputc) refers (Special) to iusefp.o(.text) for __I$use$fp
    printfa.o(i._sputc) refers (Special) to iusefp.o(.text) for __I$use$fp
    fadd.o(.text) refers (Special) to iusefp.o(.text) for __I$use$fp
    fadd.o(.text) refers to fepilogue.o(.text) for _float_epilogue
    fmul.o(.text) refers (Special) to iusefp.o(.text) for __I$use$fp
    fdiv.o(.text) refers (Special) to iusefp.o(.text) for __I$use$fp
    fdiv.o(.text) refers to fepilogue.o(.text) for _float_round
    fflti.o(.text) refers (Special) to iusefp.o(.text) for __I$use$fp
    fflti.o(.text) refers to fepilogue.o(.text) for _float_epilogue
    ffltui.o(.text) refers (Special) to iusefp.o(.text) for __I$use$fp
    ffltui.o(.text) refers to fepilogue.o(.text) for _float_epilogue
    f2d.o(.text) refers (Special) to iusefp.o(.text) for __I$use$fp
    entry2.o(.ARM.Collect$$$$00000001) refers to entry2.o(.ARM.Collect$$$$00002712) for __lit__00000000
    entry2.o(.ARM.Collect$$$$00002712) refers to startup_sp49.o(STACK) for __initial_sp
    entry2.o(__vectab_stack_and_reset_area) refers to startup_sp49.o(STACK) for __initial_sp
    entry2.o(__vectab_stack_and_reset_area) refers to entry.o(.ARM.Collect$$$$00000000) for __main
    entry5.o(.ARM.Collect$$$$00000004) refers to init.o(.text) for __scatterload
    entry9a.o(.ARM.Collect$$$$0000000B) refers to main.o(i.main) for main
    entry9b.o(.ARM.Collect$$$$0000000C) refers to main.o(i.main) for main
    uldiv.o(.text) refers to llushr.o(.text) for __aeabi_llsr
    uldiv.o(.text) refers to llshl.o(.text) for __aeabi_llsl
    dadd.o(.text) refers to llshl.o(.text) for __aeabi_llsl
    dadd.o(.text) refers to llsshr.o(.text) for __aeabi_lasr
    dadd.o(.text) refers to depilogue.o(.text) for _double_epilogue
    dmul.o(.text) refers to depilogue.o(.text) for _double_epilogue
    ddiv.o(.text) refers to depilogue.o(.text) for _double_round
    dfixul.o(.text) refers to llushr.o(.text) for __aeabi_llsr
    dfixul.o(.text) refers to llshl.o(.text) for __aeabi_llsl
    init.o(.text) refers to entry5.o(.ARM.Collect$$$$00000004) for __main_after_scatterload
    depilogue.o(.text) refers to depilogue.o(i.__ARM_clz) for __ARM_clz
    depilogue.o(.text) refers to llshl.o(.text) for __aeabi_llsl
    depilogue.o(.text) refers to llushr.o(.text) for __aeabi_llsr


==============================================================================

Removing Unused input sections from the image.

    Removing main.o(.rev16_text), (4 bytes).
    Removing main.o(.revsh_text), (4 bytes).
    Removing main.o(i.MeasCompPrint_AIN), (312 bytes).
    Removing main.o(i.MeasCompPrint_Pressure), (280 bytes).
    Removing main.o(i.MeasCompPrint_SupplyVoltage), (180 bytes).
    Removing main.o(i.MeasCompPrint_Temperature), (188 bytes).
    Removing devlib.o(.rev16_text), (4 bytes).
    Removing devlib.o(.revsh_text), (4 bytes).
    Removing devlib.o(i.Delay10us), (48 bytes).
    Removing devlib.o(i.Uart_SendDecimalSigned), (104 bytes).
    Removing devlib.o(i.Uart_SendDecimalUnsigned), (92 bytes).
    Removing devlib.o(i.Uart_SendHex16), (160 bytes).
    Removing devlib.o(i.Uart_SendHex8), (96 bytes).
    Removing startup_sp49.o(HEAP), (0 bytes).
    Removing system_sp49.o(.rev16_text), (4 bytes).
    Removing system_sp49.o(.revsh_text), (4 bytes).
    Removing Lib_Comp_Pressure.o(Lib_Comp_Pressure_), (8 bytes).
    Removing Lib_Meas_Comp_Ain_Voltage.o(Lib_Meas_Comp_Ain_Voltage_), (12 bytes).
    Removing Lib_Meas_Comp_SupplyV.o(Lib_Meas_Comp_SupplyV_), (8 bytes).
    Removing Lib_Meas_Raw_Pressure.o(Lib_Meas_Raw_Pressure_), (8 bytes).
    Removing Lib_Serv_Pin_Config.o(Lib_Serv_Pin_Config_), (8 bytes).

21 unused section(s) (total 1528 bytes) removed from the image.

==============================================================================

Image Symbol Table

    Local Symbols

    Symbol Name                              Value     Ov Type        Size  Object(Section)

    ../clib/microlib/division.c              0x00000000   Number         0  uldiv.o ABSOLUTE
    ../clib/microlib/division.c              0x00000000   Number         0  uidiv.o ABSOLUTE
    ../clib/microlib/init/entry.s            0x00000000   Number         0  entry2.o ABSOLUTE
    ../clib/microlib/init/entry.s            0x00000000   Number         0  entry7a.o ABSOLUTE
    ../clib/microlib/init/entry.s            0x00000000   Number         0  entry10a.o ABSOLUTE
    ../clib/microlib/init/entry.s            0x00000000   Number         0  entry8b.o ABSOLUTE
    ../clib/microlib/init/entry.s            0x00000000   Number         0  entry7b.o ABSOLUTE
    ../clib/microlib/init/entry.s            0x00000000   Number         0  entry11a.o ABSOLUTE
    ../clib/microlib/init/entry.s            0x00000000   Number         0  entry12b.o ABSOLUTE
    ../clib/microlib/init/entry.s            0x00000000   Number         0  entry8a.o ABSOLUTE
    ../clib/microlib/init/entry.s            0x00000000   Number         0  entry9b.o ABSOLUTE
    ../clib/microlib/init/entry.s            0x00000000   Number         0  entry9a.o ABSOLUTE
    ../clib/microlib/init/entry.s            0x00000000   Number         0  entry10b.o ABSOLUTE
    ../clib/microlib/init/entry.s            0x00000000   Number         0  entry5.o ABSOLUTE
    ../clib/microlib/init/entry.s            0x00000000   Number         0  entry12a.o ABSOLUTE
    ../clib/microlib/init/entry.s            0x00000000   Number         0  entry11b.o ABSOLUTE
    ../clib/microlib/init/entry.s            0x00000000   Number         0  entry.o ABSOLUTE
    ../clib/microlib/longlong.c              0x00000000   Number         0  llsshr.o ABSOLUTE
    ../clib/microlib/longlong.c              0x00000000   Number         0  llushr.o ABSOLUTE
    ../clib/microlib/longlong.c              0x00000000   Number         0  llshl.o ABSOLUTE
    ../clib/microlib/printf/printf.c         0x00000000   Number         0  printf3.o ABSOLUTE
    ../clib/microlib/printf/printf.c         0x00000000   Number         0  printf8.o ABSOLUTE
    ../clib/microlib/printf/printf.c         0x00000000   Number         0  printfa.o ABSOLUTE
    ../clib/microlib/printf/printf.c         0x00000000   Number         0  printf4.o ABSOLUTE
    ../clib/microlib/printf/printf.c         0x00000000   Number         0  printf5.o ABSOLUTE
    ../clib/microlib/printf/printf.c         0x00000000   Number         0  printf6.o ABSOLUTE
    ../clib/microlib/printf/printf.c         0x00000000   Number         0  printf7.o ABSOLUTE
    ../clib/microlib/printf/printf.c         0x00000000   Number         0  printfb.o ABSOLUTE
    ../clib/microlib/printf/printf.c         0x00000000   Number         0  printf0.o ABSOLUTE
    ../clib/microlib/printf/printf.c         0x00000000   Number         0  printf1.o ABSOLUTE
    ../clib/microlib/printf/printf.c         0x00000000   Number         0  printf2.o ABSOLUTE
    ../clib/microlib/printf/stubs.s          0x00000000   Number         0  stubs.o ABSOLUTE
    ../clib/microlib/stdio/streams.c         0x00000000   Number         0  stdout.o ABSOLUTE
    ../clib/microlib/stubs.s                 0x00000000   Number         0  iusefp.o ABSOLUTE
    ../fplib/microlib/f2d.c                  0x00000000   Number         0  f2d.o ABSOLUTE
    ../fplib/microlib/fpadd.c                0x00000000   Number         0  dadd.o ABSOLUTE
    ../fplib/microlib/fpadd.c                0x00000000   Number         0  fadd.o ABSOLUTE
    ../fplib/microlib/fpdiv.c                0x00000000   Number         0  ddiv.o ABSOLUTE
    ../fplib/microlib/fpdiv.c                0x00000000   Number         0  fdiv.o ABSOLUTE
    ../fplib/microlib/fpepilogue.c           0x00000000   Number         0  fepilogue.o ABSOLUTE
    ../fplib/microlib/fpepilogue.c           0x00000000   Number         0  depilogue.o ABSOLUTE
    ../fplib/microlib/fpfix.c                0x00000000   Number         0  dfixul.o ABSOLUTE
    ../fplib/microlib/fpflt.c                0x00000000   Number         0  fflti.o ABSOLUTE
    ../fplib/microlib/fpflt.c                0x00000000   Number         0  ffltui.o ABSOLUTE
    ../fplib/microlib/fpmul.c                0x00000000   Number         0  dmul.o ABSOLUTE
    ../fplib/microlib/fpmul.c                0x00000000   Number         0  fmul.o ABSOLUTE
    ..\\sources\\Lib_Calib\\Lib_Calib_Precounter.asm 0x00000000   Number         0  Lib_Calib_Precounter.o ABSOLUTE
    ..\\sources\\Lib_Comp\\Lib_Comp_Acceleration.asm 0x00000000   Number         0  Lib_Comp_Acceleration.o ABSOLUTE
    ..\\sources\\Lib_Comp\\Lib_Comp_Auto_Acc_Offset.asm 0x00000000   Number         0  Lib_Comp_Auto_Acc_Offset.o ABSOLUTE
    ..\\sources\\Lib_Comp\\Lib_Comp_Pressure.asm 0x00000000   Number         0  Lib_Comp_Pressure.o ABSOLUTE
    ..\\sources\\Lib_Diag\\Lib_Diag_RC_Osc_Chk.asm 0x00000000   Number         0  Lib_Diag_RC_Osc_Chk.o ABSOLUTE
    ..\\sources\\Lib_Meas\\Lib_Meas_Comp_Ain_Voltage.asm 0x00000000   Number         0  Lib_Meas_Comp_Ain_Voltage.o ABSOLUTE
    ..\\sources\\Lib_Meas\\Lib_Meas_Comp_SupplyV.asm 0x00000000   Number         0  Lib_Meas_Comp_SupplyV.o ABSOLUTE
    ..\\sources\\Lib_Meas\\Lib_Meas_Comp_Temp.asm 0x00000000   Number         0  Lib_Meas_Comp_Temp.o ABSOLUTE
    ..\\sources\\Lib_Meas\\Lib_Meas_Raw_Acceleration.asm 0x00000000   Number         0  Lib_Meas_Raw_Acceleration.o ABSOLUTE
    ..\\sources\\Lib_Meas\\Lib_Meas_Raw_Pressure.asm 0x00000000   Number         0  Lib_Meas_Raw_Pressure.o ABSOLUTE
    ..\\sources\\Lib_Serv\\Lib_Serv_Init_Interval_Timer.asm 0x00000000   Number         0  Lib_Serv_Init_Interval_Timer.o ABSOLUTE
    ..\\sources\\Lib_Serv\\Lib_Serv_Pin_Config.asm 0x00000000   Number         0  Lib_Serv_Pin_Config.o ABSOLUTE
    ..\\sources\\Lib_Serv\\Lib_Serv_Start_Xtal_Osc.asm 0x00000000   Number         0  Lib_Serv_Start_Xtal_Osc.o ABSOLUTE
    ..\\sources\\Lib_Serv\\Lib_Serv_Stop_Xtal_Osc.asm 0x00000000   Number         0  Lib_Serv_Stop_Xtal_Osc.o ABSOLUTE
    ..\\sources\\Lib_State\\Lib_State_Low_Power.asm 0x00000000   Number         0  Lib_State_Low_Power.o ABSOLUTE
    DevLib.c                                 0x00000000   Number         0  devlib.o ABSOLUTE
    DevLib.c                                 0x00000000   Number         0  devlib.o ABSOLUTE
    FIRFilter.c                              0x00000000   Number         0  firfilter.o ABSOLUTE
    RTE\Device\SP49_B21\startup_SP49.s       0x00000000   Number         0  startup_sp49.o ABSOLUTE
    RTE\Device\SP49_B21\system_SP49.c        0x00000000   Number         0  system_sp49.o ABSOLUTE
    RTE\\Device\\SP49_B21\\system_SP49.c     0x00000000   Number         0  system_sp49.o ABSOLUTE
    cdrcmple.s                               0x00000000   Number         0  cdrcmple.o ABSOLUTE
    dc.s                                     0x00000000   Number         0  dc.o ABSOLUTE
    handlers.s                               0x00000000   Number         0  handlers.o ABSOLUTE
    init.s                                   0x00000000   Number         0  init.o ABSOLUTE
    main.c                                   0x00000000   Number         0  main.o ABSOLUTE
    main.c                                   0x00000000   Number         0  main.o ABSOLUTE
    FLASH_CONFIG                             0x10000800   Section       32  system_sp49.o(FLASH_CONFIG)
    __tagsym$$used                           0x10000800   Number         0  system_sp49.o(FLASH_CONFIG)
    RESET                                    0x10000820   Section        8  startup_sp49.o(RESET)
    .ARM.Collect$$$$00000000                 0x10000828   Section        0  entry.o(.ARM.Collect$$$$00000000)
    .ARM.Collect$$$$00000001                 0x10000828   Section        4  entry2.o(.ARM.Collect$$$$00000001)
    .ARM.Collect$$$$00000004                 0x1000082c   Section        4  entry5.o(.ARM.Collect$$$$00000004)
    .ARM.Collect$$$$00000008                 0x10000830   Section        0  entry7b.o(.ARM.Collect$$$$00000008)
    .ARM.Collect$$$$0000000A                 0x10000830   Section        0  entry8b.o(.ARM.Collect$$$$0000000A)
    .ARM.Collect$$$$0000000B                 0x10000830   Section        8  entry9a.o(.ARM.Collect$$$$0000000B)
    .ARM.Collect$$$$0000000E                 0x10000838   Section        4  entry12b.o(.ARM.Collect$$$$0000000E)
    .ARM.Collect$$$$0000000F                 0x1000083c   Section        0  entry10a.o(.ARM.Collect$$$$0000000F)
    .ARM.Collect$$$$00000011                 0x1000083c   Section        0  entry11a.o(.ARM.Collect$$$$00000011)
    .ARM.Collect$$$$00002712                 0x1000083c   Section        4  entry2.o(.ARM.Collect$$$$00002712)
    __lit__00000000                          0x1000083c   Data           4  entry2.o(.ARM.Collect$$$$00002712)
    .text                                    0x10000840   Section       36  init.o(.text)
    i.__scatterload_copy                     0x10000864   Section       14  handlers.o(i.__scatterload_copy)
    i.__scatterload_null                     0x10000872   Section        2  handlers.o(i.__scatterload_null)
    i.__scatterload_zeroinit                 0x10000874   Section       14  handlers.o(i.__scatterload_zeroinit)
    UCS1_CRCLB                               0x100017fc   Section        4  system_sp49.o(UCS1_CRCLB)
    __tagsym$$used                           0x100017fc   Number         0  system_sp49.o(UCS1_CRCLB)
    .text                                    0x10001800   Section        0  uidiv.o(.text)
    .text                                    0x1000182c   Section        0  fadd.o(.text)
    .text                                    0x100018de   Section        0  fmul.o(.text)
    .text                                    0x10001958   Section        0  fdiv.o(.text)
    .text                                    0x100019d4   Section        0  fflti.o(.text)
    .text                                    0x100019ea   Section        0  ffltui.o(.text)
    .text                                    0x100019f8   Section        0  f2d.o(.text)
    .text                                    0x10001a20   Section        0  uldiv.o(.text)
    .text                                    0x10001a80   Section        0  iusefp.o(.text)
    .text                                    0x10001a80   Section        0  fepilogue.o(.text)
    .text                                    0x10001b04   Section        0  dadd.o(.text)
    .text                                    0x10001c6c   Section        0  dmul.o(.text)
    .text                                    0x10001d3c   Section        0  ddiv.o(.text)
    .text                                    0x10001e2c   Section        0  dfixul.o(.text)
    .text                                    0x10001e6c   Section       40  cdrcmple.o(.text)
    .text                                    0x10001e94   Section        0  llshl.o(.text)
    .text                                    0x10001eb4   Section        0  llushr.o(.text)
    .text                                    0x10001ed6   Section        0  llsshr.o(.text)
    .text                                    0x10001efc   Section        0  depilogue.o(.text)
    Lib_Calib_Precounter_                    0x10001fbc   Section        8  Lib_Calib_Precounter.o(Lib_Calib_Precounter_)
    Lib_Comp_Acceleration_                   0x10001fc4   Section        8  Lib_Comp_Acceleration.o(Lib_Comp_Acceleration_)
    Lib_Comp_Auto_Acc_Offset_                0x10001fcc   Section        8  Lib_Comp_Auto_Acc_Offset.o(Lib_Comp_Auto_Acc_Offset_)
    Lib_Diag_RC_Osc_Chk_                     0x10001fd4   Section       12  Lib_Diag_RC_Osc_Chk.o(Lib_Diag_RC_Osc_Chk_)
    Lib_Meas_Comp_Temp_                      0x10001fe0   Section        8  Lib_Meas_Comp_Temp.o(Lib_Meas_Comp_Temp_)
    Lib_Meas_Raw_Acceleration_               0x10001fe8   Section        8  Lib_Meas_Raw_Acceleration.o(Lib_Meas_Raw_Acceleration_)
    Lib_Serv_Init_Interval_Timer_            0x10001ff0   Section        8  Lib_Serv_Init_Interval_Timer.o(Lib_Serv_Init_Interval_Timer_)
    Lib_Serv_Start_Xtal_Osc_                 0x10001ff8   Section        8  Lib_Serv_Start_Xtal_Osc.o(Lib_Serv_Start_Xtal_Osc_)
    Lib_Serv_Stop_Xtal_Osc_                  0x10002000   Section        8  Lib_Serv_Stop_Xtal_Osc.o(Lib_Serv_Stop_Xtal_Osc_)
    Lib_State_Low_Power_                     0x10002008   Section        8  Lib_State_Low_Power.o(Lib_State_Low_Power_)
    i.Delay1ms                               0x10002010   Section        0  devlib.o(i.Delay1ms)
    i.ErrorHandling                          0x10002040   Section        0  main.o(i.ErrorHandling)
    i.FIRFilter_Init                         0x100020b0   Section        0  firfilter.o(i.FIRFilter_Init)
    i.FIRFilter_Update                       0x100020d0   Section        0  firfilter.o(i.FIRFilter_Update)
    i.MeasCompPrint_Acceleration             0x10002138   Section        0  main.o(i.MeasCompPrint_Acceleration)
    i.Uart_Baudrate_Calib                    0x100022bc   Section        0  devlib.o(i.Uart_Baudrate_Calib)
    i.Uart_Init                              0x10002440   Section        0  devlib.o(i.Uart_Init)
    i.Uart_Putchar                           0x10002544   Section        0  devlib.o(i.Uart_Putchar)
    i.Uart_SendHex32                         0x10002638   Section        0  devlib.o(i.Uart_SendHex32)
    i.Uart_SendString                        0x10002758   Section        0  devlib.o(i.Uart_SendString)
    i.__0printf                              0x1000277c   Section        0  printfa.o(i.__0printf)
    i.__ARM_clz                              0x1000279c   Section        0  depilogue.o(i.__ARM_clz)
    i._fp_digits                             0x100027cc   Section        0  printfa.o(i._fp_digits)
    _fp_digits                               0x100027cd   Thumb Code   344  printfa.o(i._fp_digits)
    i._printf_core                           0x10002940   Section        0  printfa.o(i._printf_core)
    _printf_core                             0x10002941   Thumb Code  1760  printfa.o(i._printf_core)
    i._printf_post_padding                   0x10003030   Section        0  printfa.o(i._printf_post_padding)
    _printf_post_padding                     0x10003031   Thumb Code    32  printfa.o(i._printf_post_padding)
    i._printf_pre_padding                    0x10003050   Section        0  printfa.o(i._printf_pre_padding)
    _printf_pre_padding                      0x10003051   Thumb Code    44  printfa.o(i._printf_pre_padding)
    i.fputc                                  0x1000307c   Section        0  devlib.o(i.fputc)
    i.main                                   0x1000308c   Section        0  main.o(i.main)
    CODE_CRCLB                               0x100053fc   Section        4  system_sp49.o(CODE_CRCLB)
    __tagsym$$used                           0x100053fc   Number         0  system_sp49.o(CODE_CRCLB)
    STACK                                    0x20000000   Section      512  startup_sp49.o(STACK)
    .data                                    0x20000200   Section        5  devlib.o(.data)
    Uart_Config_Loc                          0x20000200   Data           1  devlib.o(.data)
    Uart_BRTimer_ReloadValue_Loc             0x20000201   Data           1  devlib.o(.data)
    Uart_TimeoutTimer_ReloadValue_Loc        0x20000202   Data           2  devlib.o(.data)
    Uart_BaudrateSel_Option_Loc              0x20000204   Data           1  devlib.o(.data)
    .data                                    0x20000208   Section       40  firfilter.o(.data)
    FIR_IMPULSE_RESPONSE                     0x20000208   Data          40  firfilter.o(.data)
    .data                                    0x20000230   Section        4  stdout.o(.data)
    RETRAM                                   0x30000000   Section       48  main.o(RETRAM)

    Global Symbols

    Symbol Name                              Value     Ov Type        Size  Object(Section)

    BuildAttributes$$THM_ISAv3M$S$PE$A:L22$X:L11$S22$IEEE1$IW$USESV6$~STKCKD$USESV7$~SHL$OTIME$ROPI$EBA8$MICROLIB$REQ8$EABIv2 0x00000000   Number         0  anon$$obj.o ABSOLUTE
    __ARM_use_no_argv                        0x00000000   Number         0  main.o ABSOLUTE
    _printf_a                                0x00000000   Number         0  stubs.o ABSOLUTE
    _printf_c                                0x00000000   Number         0  stubs.o ABSOLUTE
    _printf_charcount                        0x00000000   Number         0  stubs.o ABSOLUTE
    _printf_d                                0x00000000   Number         0  stubs.o ABSOLUTE
    _printf_e                                0x00000000   Number         0  stubs.o ABSOLUTE
    _printf_f                                0x00000000   Number         0  stubs.o ABSOLUTE
    _printf_flags                            0x00000000   Number         0  stubs.o ABSOLUTE
    _printf_fp_dec                           0x00000000   Number         0  stubs.o ABSOLUTE
    _printf_fp_hex                           0x00000000   Number         0  stubs.o ABSOLUTE
    _printf_g                                0x00000000   Number         0  stubs.o ABSOLUTE
    _printf_i                                0x00000000   Number         0  stubs.o ABSOLUTE
    _printf_int_dec                          0x00000000   Number         0  stubs.o ABSOLUTE
    _printf_l                                0x00000000   Number         0  stubs.o ABSOLUTE
    _printf_lc                               0x00000000   Number         0  stubs.o ABSOLUTE
    _printf_ll                               0x00000000   Number         0  stubs.o ABSOLUTE
    _printf_lld                              0x00000000   Number         0  stubs.o ABSOLUTE
    _printf_lli                              0x00000000   Number         0  stubs.o ABSOLUTE
    _printf_llo                              0x00000000   Number         0  stubs.o ABSOLUTE
    _printf_llu                              0x00000000   Number         0  stubs.o ABSOLUTE
    _printf_llx                              0x00000000   Number         0  stubs.o ABSOLUTE
    _printf_longlong_dec                     0x00000000   Number         0  stubs.o ABSOLUTE
    _printf_longlong_hex                     0x00000000   Number         0  stubs.o ABSOLUTE
    _printf_longlong_oct                     0x00000000   Number         0  stubs.o ABSOLUTE
    _printf_ls                               0x00000000   Number         0  stubs.o ABSOLUTE
    _printf_mbtowc                           0x00000000   Number         0  stubs.o ABSOLUTE
    _printf_n                                0x00000000   Number         0  stubs.o ABSOLUTE
    _printf_o                                0x00000000   Number         0  stubs.o ABSOLUTE
    _printf_p                                0x00000000   Number         0  stubs.o ABSOLUTE
    _printf_percent                          0x00000000   Number         0  stubs.o ABSOLUTE
    _printf_pre_padding                      0x00000000   Number         0  stubs.o ABSOLUTE
    _printf_return_value                     0x00000000   Number         0  stubs.o ABSOLUTE
    _printf_s                                0x00000000   Number         0  stubs.o ABSOLUTE
    _printf_sizespec                         0x00000000   Number         0  stubs.o ABSOLUTE
    _printf_str                              0x00000000   Number         0  stubs.o ABSOLUTE
    _printf_truncate_signed                  0x00000000   Number         0  stubs.o ABSOLUTE
    _printf_truncate_unsigned                0x00000000   Number         0  stubs.o ABSOLUTE
    _printf_u                                0x00000000   Number         0  stubs.o ABSOLUTE
    _printf_wc                               0x00000000   Number         0  stubs.o ABSOLUTE
    _printf_wctomb                           0x00000000   Number         0  stubs.o ABSOLUTE
    _printf_widthprec                        0x00000000   Number         0  stubs.o ABSOLUTE
    _printf_x                                0x00000000   Number         0  stubs.o ABSOLUTE
    __arm_fini_                               - Undefined Weak Reference
    __cpp_initialize__aeabi_                  - Undefined Weak Reference
    __cxa_finalize                            - Undefined Weak Reference
    __decompress                              - Undefined Weak Reference
    _clock_init                               - Undefined Weak Reference
    _microlib_exit                            - Undefined Weak Reference
    CurrentConfiguration                     0x10000800   Data          32  system_sp49.o(FLASH_CONFIG)
    __main                                   0x10000829   Thumb Code     0  entry.o(.ARM.Collect$$$$00000000)
    _main_stk                                0x10000829   Thumb Code     0  entry2.o(.ARM.Collect$$$$00000001)
    _main_scatterload                        0x1000082d   Thumb Code     0  entry5.o(.ARM.Collect$$$$00000004)
    __main_after_scatterload                 0x10000831   Thumb Code     0  entry5.o(.ARM.Collect$$$$00000004)
    _main_clock                              0x10000831   Thumb Code     0  entry7b.o(.ARM.Collect$$$$00000008)
    _main_cpp_init                           0x10000831   Thumb Code     0  entry8b.o(.ARM.Collect$$$$0000000A)
    _main_init                               0x10000831   Thumb Code     0  entry9a.o(.ARM.Collect$$$$0000000B)
    __rt_lib_shutdown_fini                   0x10000839   Thumb Code     0  entry12b.o(.ARM.Collect$$$$0000000E)
    __rt_final_cpp                           0x1000083d   Thumb Code     0  entry10a.o(.ARM.Collect$$$$0000000F)
    __rt_final_exit                          0x1000083d   Thumb Code     0  entry11a.o(.ARM.Collect$$$$00000011)
    __scatterload                            0x10000841   Thumb Code    28  init.o(.text)
    __scatterload_rt2                        0x10000841   Thumb Code     0  init.o(.text)
    __scatterload_copy                       0x10000865   Thumb Code    14  handlers.o(i.__scatterload_copy)
    __scatterload_null                       0x10000873   Thumb Code     2  handlers.o(i.__scatterload_null)
    __scatterload_zeroinit                   0x10000875   Thumb Code    14  handlers.o(i.__scatterload_zeroinit)
    Region$$Table$$Base                      0x10000884   Number         0  anon$$obj.o(Region$$Table)
    Region$$Table$$Limit                     0x10000894   Number         0  anon$$obj.o(Region$$Table)
    CRCLockbyteUCS1                          0x100017fc   Data           4  system_sp49.o(UCS1_CRCLB)
    __aeabi_uidiv                            0x10001801   Thumb Code     0  uidiv.o(.text)
    __aeabi_uidivmod                         0x10001801   Thumb Code    44  uidiv.o(.text)
    __aeabi_fadd                             0x1000182d   Thumb Code   162  fadd.o(.text)
    __aeabi_fsub                             0x100018cf   Thumb Code     8  fadd.o(.text)
    __aeabi_frsub                            0x100018d7   Thumb Code     8  fadd.o(.text)
    __aeabi_fmul                             0x100018df   Thumb Code   122  fmul.o(.text)
    __aeabi_fdiv                             0x10001959   Thumb Code   124  fdiv.o(.text)
    __aeabi_i2f                              0x100019d5   Thumb Code    22  fflti.o(.text)
    __aeabi_ui2f                             0x100019eb   Thumb Code    14  ffltui.o(.text)
    __aeabi_f2d                              0x100019f9   Thumb Code    40  f2d.o(.text)
    __aeabi_uldivmod                         0x10001a21   Thumb Code    96  uldiv.o(.text)
    __I$use$fp                               0x10001a81   Thumb Code     0  iusefp.o(.text)
    _float_round                             0x10001a81   Thumb Code    16  fepilogue.o(.text)
    _float_epilogue                          0x10001a91   Thumb Code   114  fepilogue.o(.text)
    __aeabi_dadd                             0x10001b05   Thumb Code   330  dadd.o(.text)
    __aeabi_dsub                             0x10001c4f   Thumb Code    12  dadd.o(.text)
    __aeabi_drsub                            0x10001c5b   Thumb Code    12  dadd.o(.text)
    __aeabi_dmul                             0x10001c6d   Thumb Code   202  dmul.o(.text)
    __aeabi_ddiv                             0x10001d3d   Thumb Code   234  ddiv.o(.text)
    __aeabi_d2ulz                            0x10001e2d   Thumb Code    54  dfixul.o(.text)
    __aeabi_cdrcmple                         0x10001e6d   Thumb Code    38  cdrcmple.o(.text)
    __aeabi_llsl                             0x10001e95   Thumb Code    32  llshl.o(.text)
    _ll_shift_l                              0x10001e95   Thumb Code     0  llshl.o(.text)
    __aeabi_llsr                             0x10001eb5   Thumb Code    34  llushr.o(.text)
    _ll_ushift_r                             0x10001eb5   Thumb Code     0  llushr.o(.text)
    __aeabi_lasr                             0x10001ed7   Thumb Code    38  llsshr.o(.text)
    _ll_sshift_r                             0x10001ed7   Thumb Code     0  llsshr.o(.text)
    _double_round                            0x10001efd   Thumb Code    26  depilogue.o(.text)
    _double_epilogue                         0x10001f17   Thumb Code   164  depilogue.o(.text)
    Lib_Calib_Precounter                     0x10001fbd   Thumb Code     8  Lib_Calib_Precounter.o(Lib_Calib_Precounter_)
    Lib_Comp_Acceleration                    0x10001fc5   Thumb Code     8  Lib_Comp_Acceleration.o(Lib_Comp_Acceleration_)
    Lib_Comp_Auto_Acc_Offset                 0x10001fcd   Thumb Code     8  Lib_Comp_Auto_Acc_Offset.o(Lib_Comp_Auto_Acc_Offset_)
    Lib_Diag_RC_Osc_Chk                      0x10001fd5   Thumb Code     8  Lib_Diag_RC_Osc_Chk.o(Lib_Diag_RC_Osc_Chk_)
    Lib_Meas_Comp_Temp                       0x10001fe1   Thumb Code     8  Lib_Meas_Comp_Temp.o(Lib_Meas_Comp_Temp_)
    Lib_Meas_Raw_Acceleration                0x10001fe9   Thumb Code     8  Lib_Meas_Raw_Acceleration.o(Lib_Meas_Raw_Acceleration_)
    Lib_Serv_Init_Interval_Timer             0x10001ff1   Thumb Code     8  Lib_Serv_Init_Interval_Timer.o(Lib_Serv_Init_Interval_Timer_)
    Lib_Serv_Start_Xtal_Osc                  0x10001ff9   Thumb Code     8  Lib_Serv_Start_Xtal_Osc.o(Lib_Serv_Start_Xtal_Osc_)
    Lib_Serv_Stop_Xtal_Osc                   0x10002001   Thumb Code     8  Lib_Serv_Stop_Xtal_Osc.o(Lib_Serv_Stop_Xtal_Osc_)
    Lib_State_Low_Power                      0x10002009   Thumb Code     8  Lib_State_Low_Power.o(Lib_State_Low_Power_)
    Delay1ms                                 0x10002011   Thumb Code    38  devlib.o(i.Delay1ms)
    ErrorHandling                            0x10002041   Thumb Code   106  main.o(i.ErrorHandling)
    FIRFilter_Init                           0x100020b1   Thumb Code    30  firfilter.o(i.FIRFilter_Init)
    FIRFilter_Update                         0x100020d1   Thumb Code    98  firfilter.o(i.FIRFilter_Update)
    MeasCompPrint_Acceleration               0x10002139   Thumb Code   158  main.o(i.MeasCompPrint_Acceleration)
    Uart_Baudrate_Calib                      0x100022bd   Thumb Code   352  devlib.o(i.Uart_Baudrate_Calib)
    Uart_Init                                0x10002441   Thumb Code   234  devlib.o(i.Uart_Init)
    Uart_Putchar                             0x10002545   Thumb Code   224  devlib.o(i.Uart_Putchar)
    Uart_SendHex32                           0x10002639   Thumb Code   282  devlib.o(i.Uart_SendHex32)
    Uart_SendString                          0x10002759   Thumb Code    36  devlib.o(i.Uart_SendString)
    __0printf                                0x1000277d   Thumb Code    24  printfa.o(i.__0printf)
    __1printf                                0x1000277d   Thumb Code     0  printfa.o(i.__0printf)
    __2printf                                0x1000277d   Thumb Code     0  printfa.o(i.__0printf)
    __c89printf                              0x1000277d   Thumb Code     0  printfa.o(i.__0printf)
    printf                                   0x1000277d   Thumb Code     0  printfa.o(i.__0printf)
    __ARM_clz                                0x1000279d   Thumb Code    46  depilogue.o(i.__ARM_clz)
    fputc                                    0x1000307d   Thumb Code    16  devlib.o(i.fputc)
    main                                     0x1000308d   Thumb Code   838  main.o(i.main)
    CRCLockbyteCode                          0x100053fc   Data           4  system_sp49.o(CODE_CRCLB)
    __initial_sp                             0x20000200   Data           0  startup_sp49.o(STACK)
    __stdout                                 0x20000230   Data           4  stdout.o(.data)
    barFilterMovingAverage                   0x30000000   Data          48  main.o(RETRAM)



==============================================================================

Memory Map of the image

  Image Entry point : 0x10000829

  Load Region LR_FLASH_CONFIG (Base: 0x10000800, Size: 0x00000020, Max: 0x00000020, ABSOLUTE)

    Execution Region FLASH_CONFIG_LINE (Exec base: 0x10000800, Load base: 0x10000800, Size: 0x00000020, Max: 0x00000020, ABSOLUTE)

    Exec Addr    Load Addr    Size         Type   Attr      Idx    E Section Name        Object

    0x10000800   0x10000800   0x00000020   Data   RO          274    FLASH_CONFIG        system_sp49.o



  Load Region LR_FLASH_BOOT (Base: 0x10000820, Size: 0x00000074, Max: 0x00000be0, ABSOLUTE)

    Execution Region FLASH_BOOT (Exec base: 0x10000820, Load base: 0x10000820, Size: 0x00000074, Max: 0x00000be0, ABSOLUTE)

    Exec Addr    Load Addr    Size         Type   Attr      Idx    E Section Name        Object

    0x10000820   0x10000820   0x00000008   Code   RO          268    RESET               startup_sp49.o
    0x10000828   0x10000828   0x00000000   Code   RO          353  * .ARM.Collect$$$$00000000  mc_p.l(entry.o)
    0x10000828   0x10000828   0x00000004   Code   RO          631    .ARM.Collect$$$$00000001  mc_p.l(entry2.o)
    0x1000082c   0x1000082c   0x00000004   Code   RO          634    .ARM.Collect$$$$00000004  mc_p.l(entry5.o)
    0x10000830   0x10000830   0x00000000   Code   RO          636    .ARM.Collect$$$$00000008  mc_p.l(entry7b.o)
    0x10000830   0x10000830   0x00000000   Code   RO          638    .ARM.Collect$$$$0000000A  mc_p.l(entry8b.o)
    0x10000830   0x10000830   0x00000008   Code   RO          639    .ARM.Collect$$$$0000000B  mc_p.l(entry9a.o)
    0x10000838   0x10000838   0x00000004   Code   RO          646    .ARM.Collect$$$$0000000E  mc_p.l(entry12b.o)
    0x1000083c   0x1000083c   0x00000000   Code   RO          641    .ARM.Collect$$$$0000000F  mc_p.l(entry10a.o)
    0x1000083c   0x1000083c   0x00000000   Code   RO          643    .ARM.Collect$$$$00000011  mc_p.l(entry11a.o)
    0x1000083c   0x1000083c   0x00000004   Code   RO          632    .ARM.Collect$$$$00002712  mc_p.l(entry2.o)
    0x10000840   0x10000840   0x00000024   Code   RO          663    .text               mc_p.l(init.o)
    0x10000864   0x10000864   0x0000000e   Code   RO          677    i.__scatterload_copy  mc_p.l(handlers.o)
    0x10000872   0x10000872   0x00000002   Code   RO          678    i.__scatterload_null  mc_p.l(handlers.o)
    0x10000874   0x10000874   0x0000000e   Code   RO          679    i.__scatterload_zeroinit  mc_p.l(handlers.o)
    0x10000882   0x10000882   0x00000002   PAD
    0x10000884   0x10000884   0x00000010   Data   RO          675    Region$$Table       anon$$obj.o



  Load Region LR_FLASH_UCS1 (Base: 0x10001400, Size: 0x00000000, Max: 0x000003fc, ABSOLUTE)

    Execution Region FLASH_UCS1 (Exec base: 0x10001400, Load base: 0x10001400, Size: 0x00000000, Max: 0x000003fc, ABSOLUTE)

    **** No section assigned to this execution region ****



  Load Region LR_FLASH_UCS1_CRCLOCKBYTE (Base: 0x100017fc, Size: 0x00000004, Max: 0x00000004, ABSOLUTE)

    Execution Region FLASH_UCS1_CRCLOCKBYTE (Exec base: 0x100017fc, Load base: 0x100017fc, Size: 0x00000004, Max: 0x00000004, ABSOLUTE)

    Exec Addr    Load Addr    Size         Type   Attr      Idx    E Section Name        Object

    0x100017fc   0x100017fc   0x00000004   Data   RW          275    UCS1_CRCLB          system_sp49.o



  Load Region LR_FLASH_CODE (Base: 0x10001800, Size: 0x00001c20, Max: 0x00003bfc, ABSOLUTE)

    Execution Region FLASH_CODE (Exec base: 0x10001800, Load base: 0x10001800, Size: 0x00001bec, Max: 0x00003bfc, ABSOLUTE)

    Exec Addr    Load Addr    Size         Type   Attr      Idx    E Section Name        Object

    0x10001800   0x10001800   0x0000002c   Code   RO          356    .text               mc_p.l(uidiv.o)
    0x1000182c   0x1000182c   0x000000b2   Code   RO          619    .text               mf_p.l(fadd.o)
    0x100018de   0x100018de   0x0000007a   Code   RO          621    .text               mf_p.l(fmul.o)
    0x10001958   0x10001958   0x0000007c   Code   RO          623    .text               mf_p.l(fdiv.o)
    0x100019d4   0x100019d4   0x00000016   Code   RO          625    .text               mf_p.l(fflti.o)
    0x100019ea   0x100019ea   0x0000000e   Code   RO          627    .text               mf_p.l(ffltui.o)
    0x100019f8   0x100019f8   0x00000028   Code   RO          629    .text               mf_p.l(f2d.o)
    0x10001a20   0x10001a20   0x00000060   Code   RO          648    .text               mc_p.l(uldiv.o)
    0x10001a80   0x10001a80   0x00000000   Code   RO          650    .text               mc_p.l(iusefp.o)
    0x10001a80   0x10001a80   0x00000082   Code   RO          651    .text               mf_p.l(fepilogue.o)
    0x10001b02   0x10001b02   0x00000002   PAD
    0x10001b04   0x10001b04   0x00000168   Code   RO          653    .text               mf_p.l(dadd.o)
    0x10001c6c   0x10001c6c   0x000000d0   Code   RO          655    .text               mf_p.l(dmul.o)
    0x10001d3c   0x10001d3c   0x000000f0   Code   RO          657    .text               mf_p.l(ddiv.o)
    0x10001e2c   0x10001e2c   0x00000040   Code   RO          659    .text               mf_p.l(dfixul.o)
    0x10001e6c   0x10001e6c   0x00000028   Code   RO          661    .text               mf_p.l(cdrcmple.o)
    0x10001e94   0x10001e94   0x00000020   Code   RO          665    .text               mc_p.l(llshl.o)
    0x10001eb4   0x10001eb4   0x00000022   Code   RO          667    .text               mc_p.l(llushr.o)
    0x10001ed6   0x10001ed6   0x00000026   Code   RO          669    .text               mc_p.l(llsshr.o)
    0x10001efc   0x10001efc   0x000000be   Code   RO          671    .text               mf_p.l(depilogue.o)
    0x10001fba   0x10001fba   0x00000002   PAD
    0x10001fbc   0x10001fbc   0x00000008   Code   RO          293    Lib_Calib_Precounter_  SP49_Library.lib(Lib_Calib_Precounter.o)
    0x10001fc4   0x10001fc4   0x00000008   Code   RO          297    Lib_Comp_Acceleration_  SP49_Library.lib(Lib_Comp_Acceleration.o)
    0x10001fcc   0x10001fcc   0x00000008   Code   RO          301    Lib_Comp_Auto_Acc_Offset_  SP49_Library.lib(Lib_Comp_Auto_Acc_Offset.o)
    0x10001fd4   0x10001fd4   0x0000000c   Code   RO          309    Lib_Diag_RC_Osc_Chk_  SP49_Library.lib(Lib_Diag_RC_Osc_Chk.o)
    0x10001fe0   0x10001fe0   0x00000008   Code   RO          321    Lib_Meas_Comp_Temp_  SP49_Library.lib(Lib_Meas_Comp_Temp.o)
    0x10001fe8   0x10001fe8   0x00000008   Code   RO          325    Lib_Meas_Raw_Acceleration_  SP49_Library.lib(Lib_Meas_Raw_Acceleration.o)
    0x10001ff0   0x10001ff0   0x00000008   Code   RO          333    Lib_Serv_Init_Interval_Timer_  SP49_Library.lib(Lib_Serv_Init_Interval_Timer.o)
    0x10001ff8   0x10001ff8   0x00000008   Code   RO          341    Lib_Serv_Start_Xtal_Osc_  SP49_Library.lib(Lib_Serv_Start_Xtal_Osc.o)
    0x10002000   0x10002000   0x00000008   Code   RO          345    Lib_Serv_Stop_Xtal_Osc_  SP49_Library.lib(Lib_Serv_Stop_Xtal_Osc.o)
    0x10002008   0x10002008   0x00000008   Code   RO          349    Lib_State_Low_Power_  SP49_Library.lib(Lib_State_Low_Power.o)
    0x10002010   0x10002010   0x00000030   Code   RO          157    i.Delay1ms          devlib.o
    0x10002040   0x10002040   0x00000070   Code   RO            3    i.ErrorHandling     main.o
    0x100020b0   0x100020b0   0x0000001e   Code   RO          246    i.FIRFilter_Init    firfilter.o
    0x100020ce   0x100020ce   0x00000002   PAD
    0x100020d0   0x100020d0   0x00000068   Code   RO          247    i.FIRFilter_Update  firfilter.o
    0x10002138   0x10002138   0x00000184   Code   RO            5    i.MeasCompPrint_Acceleration  main.o
    0x100022bc   0x100022bc   0x00000184   Code   RO          158    i.Uart_Baudrate_Calib  devlib.o
    0x10002440   0x10002440   0x00000104   Code   RO          159    i.Uart_Init         devlib.o
    0x10002544   0x10002544   0x000000f4   Code   RO          160    i.Uart_Putchar      devlib.o
    0x10002638   0x10002638   0x00000120   Code   RO          164    i.Uart_SendHex32    devlib.o
    0x10002758   0x10002758   0x00000024   Code   RO          166    i.Uart_SendString   devlib.o
    0x1000277c   0x1000277c   0x00000020   Code   RO          591    i.__0printf         mc_p.l(printfa.o)
    0x1000279c   0x1000279c   0x0000002e   Code   RO          673    i.__ARM_clz         mf_p.l(depilogue.o)
    0x100027ca   0x100027ca   0x00000002   PAD
    0x100027cc   0x100027cc   0x00000174   Code   RO          598    i._fp_digits        mc_p.l(printfa.o)
    0x10002940   0x10002940   0x000006f0   Code   RO          599    i._printf_core      mc_p.l(printfa.o)
    0x10003030   0x10003030   0x00000020   Code   RO          600    i._printf_post_padding  mc_p.l(printfa.o)
    0x10003050   0x10003050   0x0000002c   Code   RO          601    i._printf_pre_padding  mc_p.l(printfa.o)
    0x1000307c   0x1000307c   0x00000010   Code   RO          167    i.fputc             devlib.o
    0x1000308c   0x1000308c   0x00000360   Code   RO            9    i.main              main.o


    Execution Region RAM_STACK (Exec base: 0x20000000, Load base: 0x100033ec, Size: 0x00000200, Max: 0x00000200, ABSOLUTE, UNINIT)

    Exec Addr    Load Addr    Size         Type   Attr      Idx    E Section Name        Object

    0x20000000        -       0x00000200   Zero   RW          266    STACK               startup_sp49.o


    Execution Region RAM_GLOB_VARS (Exec base: 0x20000200, Load base: 0x100033ec, Size: 0x00000034, Max: 0x00000200, ABSOLUTE, UNINIT)

    Exec Addr    Load Addr    Size         Type   Attr      Idx    E Section Name        Object

    0x20000200   0x100033ec   0x00000005   Data   RW          168    .data               devlib.o
    0x20000205   0x100033f1   0x00000003   PAD
    0x20000208   0x100033f4   0x00000028   Data   RW          248    .data               firfilter.o
    0x20000230   0x1000341c   0x00000004   Data   RW          647    .data               mc_p.l(stdout.o)


    Execution Region RET_RAM_CUST (Exec base: 0x30000000, Load base: 0x10003420, Size: 0x00000030, Max: 0x000000c0, ABSOLUTE, UNINIT)

    Exec Addr    Load Addr    Size         Type   Attr      Idx    E Section Name        Object

    0x30000000        -       0x00000030   Zero   RW           10    RETRAM              main.o



  Load Region LR_FLASH_CODE_CRCLOCKBYTE (Base: 0x100053fc, Size: 0x00000004, Max: 0x00000004, ABSOLUTE)

    Execution Region FLASH_CODE_CRCLOCKBYTE (Exec base: 0x100053fc, Load base: 0x100053fc, Size: 0x00000004, Max: 0x00000004, ABSOLUTE)

    Exec Addr    Load Addr    Size         Type   Attr      Idx    E Section Name        Object

    0x100053fc   0x100053fc   0x00000004   Data   RW          273    CODE_CRCLB          system_sp49.o


==============================================================================

Image component sizes


      Code (inc. data)   RO Data    RW Data    ZI Data      Debug   Object Name

      1280         98          0          5          0       6763   devlib.o
       134          6          0         40          0       1708   firfilter.o
      1364        262          0          0         48      15629   main.o
         8          4          0          0        512        264   startup_sp49.o
         0          0         32          8          0       1115   system_sp49.o

    ----------------------------------------------------------------------
      2788        370         48         56        560      25479   Object Totals
         0          0         16          0          0          0   (incl. Generated)
         2          0          0          3          0          0   (incl. Padding)

    ----------------------------------------------------------------------

      Code (inc. data)   RO Data    RW Data    ZI Data      Debug   Library Member Name

         8          0          0          0          0        476   Lib_Calib_Precounter.o
         8          0          0          0          0        476   Lib_Comp_Acceleration.o
         8          0          0          0          0        488   Lib_Comp_Auto_Acc_Offset.o
        12          4          0          0          0        472   Lib_Diag_RC_Osc_Chk.o
         8          0          0          0          0        472   Lib_Meas_Comp_Temp.o
         8          0          0          0          0        488   Lib_Meas_Raw_Acceleration.o
         8          0          0          0          0        500   Lib_Serv_Init_Interval_Timer.o
         8          0          0          0          0        484   Lib_Serv_Start_Xtal_Osc.o
         8          0          0          0          0        484   Lib_Serv_Stop_Xtal_Osc.o
         8          0          0          0          0        472   Lib_State_Low_Power.o
         0          0          0          0          0          0   entry.o
         0          0          0          0          0          0   entry10a.o
         0          0          0          0          0          0   entry11a.o
         4          0          0          0          0          0   entry12b.o
         8          4          0          0          0          0   entry2.o
         4          0          0          0          0          0   entry5.o
         0          0          0          0          0          0   entry7b.o
         0          0          0          0          0          0   entry8b.o
         8          4          0          0          0          0   entry9a.o
        30          0          0          0          0          0   handlers.o
        36          8          0          0          0         68   init.o
         0          0          0          0          0          0   iusefp.o
        32          0          0          0          0         68   llshl.o
        38          0          0          0          0         68   llsshr.o
        34          0          0          0          0         68   llushr.o
      2256         98          0          0          0        412   printfa.o
         0          0          0          4          0          0   stdout.o
        44          0          0          0          0         72   uidiv.o
        96          0          0          0          0         84   uldiv.o
        40          2          0          0          0         68   cdrcmple.o
       360          6          0          0          0        140   dadd.o
       240          6          0          0          0         84   ddiv.o
       236          0          0          0          0        216   depilogue.o
        64         10          0          0          0         68   dfixul.o
       208          6          0          0          0         88   dmul.o
        40          0          0          0          0         60   f2d.o
       178          0          0          0          0        108   fadd.o
       124          0          0          0          0         72   fdiv.o
       130          0          0          0          0        144   fepilogue.o
        22          0          0          0          0         68   fflti.o
        14          0          0          0          0         68   ffltui.o
       122          0          0          0          0         72   fmul.o

    ----------------------------------------------------------------------
      4460        148          0          4          0       6908   Library Totals
         8          0          0          0          0          0   (incl. Padding)

    ----------------------------------------------------------------------

      Code (inc. data)   RO Data    RW Data    ZI Data      Debug   Library Name

        84          4          0          0          0       4812   SP49_Library.lib
      2590        114          0          4          0        840   mc_p.l
      1778         30          0          0          0       1256   mf_p.l

    ----------------------------------------------------------------------
      4460        148          0          4          0       6908   Library Totals

    ----------------------------------------------------------------------

==============================================================================


      Code (inc. data)   RO Data    RW Data    ZI Data      Debug   

      7248        518         48         60        560      30523   Grand Totals
      7248        518         48         60        560      30523   ELF Image Totals
      7248        518         48         60          0          0   ROM Totals

==============================================================================

    Total RO  Size (Code + RO Data)                 7296 (   7.13kB)
    Total RW  Size (RW Data + ZI Data)               620 (   0.61kB)
    Total ROM Size (Code + RO Data + RW Data)       7356 (   7.18kB)

==============================================================================

